// Jest Snapshot v1, https://goo.gl/fbAQLP

exports[`Storyshots LeadSpace Default with image 1`] = `
Array [
  <div
    data-floating-menu-container=""
    role="main"
    style={
      Object {
        "backgroundColor": "#ffffff",
      }
    }
  >
    <div
      className="storybook-readme-story"
    >
      <div
        style={Object {}}
      >
        <div>
          <div
            className="bx--leadspace--g100"
          />
        </div>
      </div>
    </div>
  </div>,
  <input
    aria-label="input-text-offleft"
    className="bx--visually-hidden"
    type="text"
  />,
]
`;

exports[`Storyshots LeadSpace Default with no image 1`] = `
Array [
  <div
    data-floating-menu-container=""
    role="main"
    style={
      Object {
        "backgroundColor": "#ffffff",
      }
    }
  >
    <div
      className="storybook-readme-story"
    >
      <div
        style={Object {}}
      >
        <div>
          <div
            className="bx--leadspace--g100"
          />
        </div>
      </div>
    </div>
  </div>,
  <input
    aria-label="input-text-offleft"
    className="bx--visually-hidden"
    type="text"
  />,
]
`;
